// Jest Snapshot v1, https://goo.gl/fbAQLP

exports[`Panel renders correctly 1`] = `
"<div style={{...}}>
  <div>
    Active devices:
    <span className=\\"active\\" style={{...}}>
      1
    </span>
    /
    <span className=\\"inactive\\" style={{...}}>
      0
    </span>
  </div>
  <div>
    Search: 
    <input type=\\"text\\" onChange={[undefined]} />
  </div>
</div>"
`;
