// Jest Snapshot v1, https://goo.gl/fbAQLP

exports[`Panel renders correctly 1`] = `
"<styled.div>
  <div>
    Active devices:
    <styled.span>
      1
    </styled.span>
    /
    <styled.span>
      0
    </styled.span>
  </div>
  <div>
    Search: 
    <input type=\\"text\\" onChange={[undefined]} />
  </div>
</styled.div>"
`;
